[
    {
        "date": "2024-10-01",
        "total_consumption": 0,
        "total_production": 719282.09,
        "average_price": 5.830190476190476,
        "longest_negative_price_streak": 0
    }
]