{
    "results": [
        {
            "date": "2024-09-28",
            "total_consumption": 108510061.421,
            "total_production": 653826.52,
            "average_price": 5.218,
            "longest_negative_price_streak": 0
        }
    ],
    "total_count": 1
}