{
  "dailyStats": {
    "date": "2024-09-28",
    "total_consumption": 108510061.421,
    "total_production": 653826.52,
    "average_price": 5.218
  },
  "maxConsumptionVsProduction": {
    "starttime": "2024-09-28T16:00:00",
    "consumption_production_diff": 5273629.339
  },
  "cheapestHours": [
    {
      "starttime": "2024-09-28T01:00:00",
      "hourlyprice": 0.364
    },
    {
      "starttime": "2024-09-28T02:00:00",
      "hourlyprice": 0.38
    },
    {
      "starttime": "2024-09-28T04:00:00",
      "hourlyprice": 0.397
    }
  ]
}