[
    {
        "date": "2020-12-31",
        "total_consumption": 0,
        "total_production": 14044,
        "average_price": 0,
        "longest_negative_price_streak": 0
    },
    {
        "date": "2021-01-01",
        "total_consumption": 0,
        "total_production": 174115,
        "average_price": 3.2584782608695653,
        "longest_negative_price_streak": 0
    },
    {
        "date": "2021-01-02",
        "total_consumption": 0,
        "total_production": 182315,
        "average_price": 4.067166666666667,
        "longest_negative_price_streak": 0
    },
    {
        "date": "2021-01-03",
        "total_consumption": 0,
        "total_production": 189142,
        "average_price": 3.20775,
        "longest_negative_price_streak": 0
    },
    {
        "date": "2021-01-04",
        "total_consumption": 0,
        "total_production": 198150,
        "average_price": 5.3642916666666665,
        "longest_negative_price_streak": 0
    },
    {
        "date": "2021-01-05",
        "total_consumption": 0,
        "total_production": 199488,
        "average_price": 5.853833333333333,
        "longest_negative_price_streak": 0
    },
    {
        "date": "2021-01-06",
        "total_consumption": 0,
        "total_production": 199400,
        "average_price": 5.074458333333333,
        "longest_negative_price_streak": 0
    },
    {
        "date": "2021-01-07",
        "total_consumption": 0,
        "total_production": 208318,
        "average_price": 8.29125,
        "longest_negative_price_streak": 0
    },
    {
        "date": "2021-01-08",
        "total_consumption": 0,
        "total_production": 205024,
        "average_price": 9.515416666666667,
        "longest_negative_price_streak": 0
    },
    {
        "date": "2021-01-09",
        "total_consumption": 0,
        "total_production": 210487,
        "average_price": 6.9385,
        "longest_negative_price_streak": 0
    }
]